15:30:54 - remote_connection.py - remote_connection - _request - 388 - DEBUG - POST http://127.0.0.1:61280/session {"capabilities": {"firstMatch": [{}], "alwaysMatch": {"browserName": "chrome", "platformName": "any", "goog:chromeOptions": {"excludeSwitches": ["enable-automation", "enable-logging"], "extensions": [], "args": []}}}, "desiredCapabilities": {"browserName": "chrome", "version": "", "platform": "ANY", "goog:chromeOptions": {"excludeSwitches": ["enable-automation", "enable-logging"], "extensions": [], "args": []}}}
15:30:54 - connectionpool.py - connectionpool - _new_conn - 231 - DEBUG - Starting new HTTP connection (1): 127.0.0.1:61280
15:30:56 - connectionpool.py - connectionpool - _make_request - 461 - DEBUG - http://127.0.0.1:61280 "POST /session HTTP/1.1" 200 832
15:30:56 - remote_connection.py - remote_connection - _request - 440 - DEBUG - Finished Request
15:30:56 - remote_connection.py - remote_connection - _request - 388 - DEBUG - POST http://127.0.0.1:61280/session/cfb21a20776fb954da4ff805130801d7/url {"url": "http://10.0.10.131/", "sessionId": "cfb21a20776fb954da4ff805130801d7"}
15:30:58 - connectionpool.py - connectionpool - _make_request - 461 - DEBUG - http://127.0.0.1:61280 "POST /session/cfb21a20776fb954da4ff805130801d7/url HTTP/1.1" 200 72
15:30:58 - remote_connection.py - remote_connection - _request - 440 - DEBUG - Finished Request
15:30:58 - remote_connection.py - remote_connection - _request - 388 - DEBUG - POST http://127.0.0.1:61280/session/cfb21a20776fb954da4ff805130801d7/window/current/maximize {"windowHandle": "current", "sessionId": "cfb21a20776fb954da4ff805130801d7"}
15:31:00 - connectionpool.py - connectionpool - _make_request - 461 - DEBUG - http://127.0.0.1:61280 "POST /session/cfb21a20776fb954da4ff805130801d7/window/current/maximize HTTP/1.1" 200 72
15:31:00 - remote_connection.py - remote_connection - _request - 440 - DEBUG - Finished Request
15:31:00 - remote_connection.py - remote_connection - _request - 388 - DEBUG - POST http://127.0.0.1:61280/session/cfb21a20776fb954da4ff805130801d7/element {"using": "xpath", "value": "//input[@placeholder=\"\u8bf7\u8f93\u5165\u7528\u6237\u540d\"]", "sessionId": "cfb21a20776fb954da4ff805130801d7"}
15:31:00 - connectionpool.py - connectionpool - _make_request - 461 - DEBUG - http://127.0.0.1:61280 "POST /session/cfb21a20776fb954da4ff805130801d7/element HTTP/1.1" 200 103
15:31:00 - remote_connection.py - remote_connection - _request - 440 - DEBUG - Finished Request
15:31:00 - remote_connection.py - remote_connection - _request - 388 - DEBUG - POST http://127.0.0.1:61280/session/cfb21a20776fb954da4ff805130801d7/element/0.20520159069302824-1/value {"text": "admin", "value": ["a", "d", "m", "i", "n"], "id": "0.20520159069302824-1", "sessionId": "cfb21a20776fb954da4ff805130801d7"}
15:31:00 - connectionpool.py - connectionpool - _make_request - 461 - DEBUG - http://127.0.0.1:61280 "POST /session/cfb21a20776fb954da4ff805130801d7/element/0.20520159069302824-1/value HTTP/1.1" 200 72
15:31:00 - remote_connection.py - remote_connection - _request - 440 - DEBUG - Finished Request
15:31:00 - remote_connection.py - remote_connection - _request - 388 - DEBUG - POST http://127.0.0.1:61280/session/cfb21a20776fb954da4ff805130801d7/element {"using": "xpath", "value": "//input[@placeholder=\"\u8bf7\u8f93\u5165\u5bc6\u7801\"]", "sessionId": "cfb21a20776fb954da4ff805130801d7"}
15:31:00 - connectionpool.py - connectionpool - _make_request - 461 - DEBUG - http://127.0.0.1:61280 "POST /session/cfb21a20776fb954da4ff805130801d7/element HTTP/1.1" 200 103
15:31:00 - remote_connection.py - remote_connection - _request - 440 - DEBUG - Finished Request
15:31:00 - remote_connection.py - remote_connection - _request - 388 - DEBUG - POST http://127.0.0.1:61280/session/cfb21a20776fb954da4ff805130801d7/element/0.20520159069302824-2/value {"text": "1qaz!QAZ", "value": ["1", "q", "a", "z", "!", "Q", "A", "Z"], "id": "0.20520159069302824-2", "sessionId": "cfb21a20776fb954da4ff805130801d7"}
15:31:00 - connectionpool.py - connectionpool - _make_request - 461 - DEBUG - http://127.0.0.1:61280 "POST /session/cfb21a20776fb954da4ff805130801d7/element/0.20520159069302824-2/value HTTP/1.1" 200 72
15:31:00 - remote_connection.py - remote_connection - _request - 440 - DEBUG - Finished Request
15:31:00 - remote_connection.py - remote_connection - _request - 388 - DEBUG - POST http://127.0.0.1:61280/session/cfb21a20776fb954da4ff805130801d7/element {"using": "xpath", "value": "//span[text()=\" \u767b  \u5f55 \"]", "sessionId": "cfb21a20776fb954da4ff805130801d7"}
15:31:00 - connectionpool.py - connectionpool - _make_request - 461 - DEBUG - http://127.0.0.1:61280 "POST /session/cfb21a20776fb954da4ff805130801d7/element HTTP/1.1" 200 103
15:31:00 - remote_connection.py - remote_connection - _request - 440 - DEBUG - Finished Request
15:31:00 - remote_connection.py - remote_connection - _request - 388 - DEBUG - POST http://127.0.0.1:61280/session/cfb21a20776fb954da4ff805130801d7/element/0.20520159069302824-3/click {"id": "0.20520159069302824-3", "sessionId": "cfb21a20776fb954da4ff805130801d7"}
15:31:00 - connectionpool.py - connectionpool - _make_request - 461 - DEBUG - http://127.0.0.1:61280 "POST /session/cfb21a20776fb954da4ff805130801d7/element/0.20520159069302824-3/click HTTP/1.1" 200 72
15:31:00 - remote_connection.py - remote_connection - _request - 440 - DEBUG - Finished Request
15:31:03 - remote_connection.py - remote_connection - _request - 388 - DEBUG - POST http://127.0.0.1:61280/session/cfb21a20776fb954da4ff805130801d7/element {"using": "xpath", "value": "//li[@class=\"el-menu-item\"]", "sessionId": "cfb21a20776fb954da4ff805130801d7"}
15:31:03 - connectionpool.py - connectionpool - _make_request - 461 - DEBUG - http://127.0.0.1:61280 "POST /session/cfb21a20776fb954da4ff805130801d7/element HTTP/1.1" 200 103
15:31:03 - remote_connection.py - remote_connection - _request - 440 - DEBUG - Finished Request
15:31:03 - remote_connection.py - remote_connection - _request - 388 - DEBUG - POST http://127.0.0.1:61280/session/cfb21a20776fb954da4ff805130801d7/element/0.20520159069302824-4/click {"id": "0.20520159069302824-4", "sessionId": "cfb21a20776fb954da4ff805130801d7"}
15:31:03 - connectionpool.py - connectionpool - _make_request - 461 - DEBUG - http://127.0.0.1:61280 "POST /session/cfb21a20776fb954da4ff805130801d7/element/0.20520159069302824-4/click HTTP/1.1" 200 72
15:31:03 - remote_connection.py - remote_connection - _request - 440 - DEBUG - Finished Request
15:31:04 - remote_connection.py - remote_connection - _request - 388 - DEBUG - POST http://127.0.0.1:61280/session/cfb21a20776fb954da4ff805130801d7/element {"using": "xpath", "value": "//input[@placeholder=\"\u8bf7\u8f93\u5165\u7535\u7ad9\u540d\u79f0\"]", "sessionId": "cfb21a20776fb954da4ff805130801d7"}
15:31:04 - connectionpool.py - connectionpool - _make_request - 461 - DEBUG - http://127.0.0.1:61280 "POST /session/cfb21a20776fb954da4ff805130801d7/element HTTP/1.1" 200 103
15:31:04 - remote_connection.py - remote_connection - _request - 440 - DEBUG - Finished Request
15:31:04 - remote_connection.py - remote_connection - _request - 388 - DEBUG - POST http://127.0.0.1:61280/session/cfb21a20776fb954da4ff805130801d7/element/0.20520159069302824-5/value {"text": "\u7a7a\u6e2f", "value": ["\u7a7a", "\u6e2f"], "id": "0.20520159069302824-5", "sessionId": "cfb21a20776fb954da4ff805130801d7"}
15:31:04 - connectionpool.py - connectionpool - _make_request - 461 - DEBUG - http://127.0.0.1:61280 "POST /session/cfb21a20776fb954da4ff805130801d7/element/0.20520159069302824-5/value HTTP/1.1" 200 72
15:31:04 - remote_connection.py - remote_connection - _request - 440 - DEBUG - Finished Request
15:31:05 - remote_connection.py - remote_connection - _request - 388 - DEBUG - POST http://127.0.0.1:61280/session/cfb21a20776fb954da4ff805130801d7/element {"using": "xpath", "value": "//span[text()=\" \u67e5\u8be2 \"]", "sessionId": "cfb21a20776fb954da4ff805130801d7"}
15:31:05 - connectionpool.py - connectionpool - _make_request - 461 - DEBUG - http://127.0.0.1:61280 "POST /session/cfb21a20776fb954da4ff805130801d7/element HTTP/1.1" 200 103
15:31:05 - remote_connection.py - remote_connection - _request - 440 - DEBUG - Finished Request
15:31:05 - remote_connection.py - remote_connection - _request - 388 - DEBUG - POST http://127.0.0.1:61280/session/cfb21a20776fb954da4ff805130801d7/element/0.20520159069302824-6/click {"id": "0.20520159069302824-6", "sessionId": "cfb21a20776fb954da4ff805130801d7"}
15:31:05 - connectionpool.py - connectionpool - _make_request - 461 - DEBUG - http://127.0.0.1:61280 "POST /session/cfb21a20776fb954da4ff805130801d7/element/0.20520159069302824-6/click HTTP/1.1" 200 72
15:31:05 - remote_connection.py - remote_connection - _request - 440 - DEBUG - Finished Request
15:31:08 - remote_connection.py - remote_connection - _request - 388 - DEBUG - POST http://127.0.0.1:61280/session/cfb21a20776fb954da4ff805130801d7/element {"using": "xpath", "value": "//span[text()=\" \u91cd\u7f6e \"]", "sessionId": "cfb21a20776fb954da4ff805130801d7"}
15:31:08 - connectionpool.py - connectionpool - _make_request - 461 - DEBUG - http://127.0.0.1:61280 "POST /session/cfb21a20776fb954da4ff805130801d7/element HTTP/1.1" 200 103
15:31:08 - remote_connection.py - remote_connection - _request - 440 - DEBUG - Finished Request
15:31:08 - remote_connection.py - remote_connection - _request - 388 - DEBUG - POST http://127.0.0.1:61280/session/cfb21a20776fb954da4ff805130801d7/element/0.20520159069302824-7/click {"id": "0.20520159069302824-7", "sessionId": "cfb21a20776fb954da4ff805130801d7"}
15:31:08 - connectionpool.py - connectionpool - _make_request - 461 - DEBUG - http://127.0.0.1:61280 "POST /session/cfb21a20776fb954da4ff805130801d7/element/0.20520159069302824-7/click HTTP/1.1" 200 72
15:31:08 - remote_connection.py - remote_connection - _request - 440 - DEBUG - Finished Request
15:31:09 - remote_connection.py - remote_connection - _request - 388 - DEBUG - POST http://127.0.0.1:61280/session/cfb21a20776fb954da4ff805130801d7/element {"using": "xpath", "value": "//input[@placeholder=\"\u72b6\u6001\"]", "sessionId": "cfb21a20776fb954da4ff805130801d7"}
15:31:09 - connectionpool.py - connectionpool - _make_request - 461 - DEBUG - http://127.0.0.1:61280 "POST /session/cfb21a20776fb954da4ff805130801d7/element HTTP/1.1" 200 103
15:31:09 - remote_connection.py - remote_connection - _request - 440 - DEBUG - Finished Request
15:31:09 - remote_connection.py - remote_connection - _request - 388 - DEBUG - POST http://127.0.0.1:61280/session/cfb21a20776fb954da4ff805130801d7/element/0.20520159069302824-8/click {"id": "0.20520159069302824-8", "sessionId": "cfb21a20776fb954da4ff805130801d7"}
15:31:09 - connectionpool.py - connectionpool - _make_request - 461 - DEBUG - http://127.0.0.1:61280 "POST /session/cfb21a20776fb954da4ff805130801d7/element/0.20520159069302824-8/click HTTP/1.1" 200 72
15:31:09 - remote_connection.py - remote_connection - _request - 440 - DEBUG - Finished Request
15:31:11 - remote_connection.py - remote_connection - _request - 388 - DEBUG - POST http://127.0.0.1:61280/session/cfb21a20776fb954da4ff805130801d7/element {"using": "xpath", "value": "/html/body/div[2]/div/div/ul/li[3]", "sessionId": "cfb21a20776fb954da4ff805130801d7"}
15:31:11 - connectionpool.py - connectionpool - _make_request - 461 - DEBUG - http://127.0.0.1:61280 "POST /session/cfb21a20776fb954da4ff805130801d7/element HTTP/1.1" 200 103
15:31:11 - remote_connection.py - remote_connection - _request - 440 - DEBUG - Finished Request
15:31:11 - remote_connection.py - remote_connection - _request - 388 - DEBUG - POST http://127.0.0.1:61280/session/cfb21a20776fb954da4ff805130801d7/element/0.20520159069302824-9/click {"id": "0.20520159069302824-9", "sessionId": "cfb21a20776fb954da4ff805130801d7"}
15:31:11 - connectionpool.py - connectionpool - _make_request - 461 - DEBUG - http://127.0.0.1:61280 "POST /session/cfb21a20776fb954da4ff805130801d7/element/0.20520159069302824-9/click HTTP/1.1" 200 72
15:31:11 - remote_connection.py - remote_connection - _request - 440 - DEBUG - Finished Request
15:31:12 - remote_connection.py - remote_connection - _request - 388 - DEBUG - POST http://127.0.0.1:61280/session/cfb21a20776fb954da4ff805130801d7/element {"using": "xpath", "value": "//span[text()=\" \u67e5\u8be2 \"]", "sessionId": "cfb21a20776fb954da4ff805130801d7"}
15:31:12 - connectionpool.py - connectionpool - _make_request - 461 - DEBUG - http://127.0.0.1:61280 "POST /session/cfb21a20776fb954da4ff805130801d7/element HTTP/1.1" 200 103
15:31:12 - remote_connection.py - remote_connection - _request - 440 - DEBUG - Finished Request
15:31:12 - remote_connection.py - remote_connection - _request - 388 - DEBUG - POST http://127.0.0.1:61280/session/cfb21a20776fb954da4ff805130801d7/element/0.20520159069302824-6/click {"id": "0.20520159069302824-6", "sessionId": "cfb21a20776fb954da4ff805130801d7"}
15:31:12 - connectionpool.py - connectionpool - _make_request - 461 - DEBUG - http://127.0.0.1:61280 "POST /session/cfb21a20776fb954da4ff805130801d7/element/0.20520159069302824-6/click HTTP/1.1" 200 72
15:31:12 - remote_connection.py - remote_connection - _request - 440 - DEBUG - Finished Request
15:31:15 - remote_connection.py - remote_connection - _request - 388 - DEBUG - DELETE http://127.0.0.1:61280/session/cfb21a20776fb954da4ff805130801d7 {"sessionId": "cfb21a20776fb954da4ff805130801d7"}
15:31:16 - connectionpool.py - connectionpool - _make_request - 461 - DEBUG - http://127.0.0.1:61280 "DELETE /session/cfb21a20776fb954da4ff805130801d7 HTTP/1.1" 200 72
15:31:16 - remote_connection.py - remote_connection - _request - 440 - DEBUG - Finished Request
